# vsim -c work.top "+TESTNAME=SEQ_10" -do "run -all; quit -f" -l sim_run.log 
# Start time: 23:47:57 on Jul 15,2026
# ** Note: (vsim-3813) Design is being optimized due to module recompilation...
# //  Questa Sim-64
# //  Version 2021.1 win64 Jan 19 2021
# //
# //  Copyright 1991-2021 Mentor Graphics Corporation
# //  All Rights Reserved.
# //
# //  QuestaSim and its associated documentation contain trade
# //  secrets and commercial or financial information that are the property of
# //  Mentor Graphics Corporation and are privileged, confidential,
# //  and exempt from disclosure under the Freedom of Information Act,
# //  5 U.S.C. Section 552. Furthermore, this information
# //  is prohibited from disclosure under the Trade Secrets Act,
# //  18 U.S.C. Section 1905.
# //
# Loading sv_std.std
# Loading work.ALU_pkg(fast)
# Loading work.ALU_sv_unit(fast)
# Loading work.interface_sv_unit(fast)
# Loading work.MEM_IF(fast)
# Loading work.pack(fast)
# Loading work.top(fast)
# run -all
# -------- IAM in the GENERATOR and Created --------
# -------- IAM in the ENV and going to Connect the gen2drv_mb --------
# -------- IAM in the ENV and going to Connect the mon2subSb_mb --------
# -------- IAM in the ENV and going to Put Vif in the Database --------
# [TEST] test_name=SEQ_10 mapped_to=SEQ_10_OPCODE_SWEEP
# -------- IAM in the ENV and going to Fork and run the env --------
# -------- IAM in the ENV and ENV DIED (there might be racing)--------
# -------- IAM in the GENERATOR and Started with sequence SEQ_10_OPCODE_SWEEP --------
# -------- IAM in the Driver and going to Get VIF --------
# -------- IAM in the Driver and GOT to Get VIF --------
# -------- IAM in the Driver and going to Wait for the transaction --------
# -------- IAM in the Driver and recieved the transaction --------
# -------- IAM in the Driver and going to drive --------
# -------- IAM in the MONITOR and going to Get VIF --------
# -------- IAM in the MONITOR and GOT to Get VIF --------
# -------- IAM in the SCOREBOARD and going to Wait for the transaction --------
# [0] [SUBSCRIBER] Waiting for transaction
# -------- IAM in the Driver and finished driving --------
# -------- IAM in the Driver and going to Wait for the transaction --------
# -------- IAM in the MONITOR and going to monitor --------
# -------- IAM in the MONITOR and finished monitoring --------
# -------- IAM in the MONITOR and Sending the transaction to the SB and Subs --------
# -------- IAM in the MONITOR and Sent the transaction to the SB and Subs --------
# -------- IAM in the SCOREBOARD and recieved the transaction --------
# -------- IAM in the SCOREBOARD and going to check data --------
# @2 [SCOREBOARD PASS] op=0 a=0 b=0 -> result=0 z=1 n=0 c=0 v=0
# -------- IAM in the SCOREBOARD and Finished Data checking --------
# -------- IAM in the SCOREBOARD and going to Wait for the transaction --------
# [SUBSCRIBER] t=2 | rst=1 | a=0 b=0 op=0 | result=0 z=1 n=0 c=0 v=0
# [2] [SUBSCRIBER] Waiting for transaction
# -------- IAM in the Driver and recieved the transaction --------
# -------- IAM in the Driver and going to drive --------
# -------- IAM in the Driver and finished driving --------
# -------- IAM in the Driver and going to Wait for the transaction --------
# -------- IAM in the MONITOR and going to monitor --------
# -------- IAM in the MONITOR and finished monitoring --------
# -------- IAM in the MONITOR and Sending the transaction to the SB and Subs --------
# -------- IAM in the MONITOR and Sent the transaction to the SB and Subs --------
# -------- IAM in the SCOREBOARD and recieved the transaction --------
# -------- IAM in the SCOREBOARD and going to check data --------
# @6 [SCOREBOARD PASS] op=0 a=0 b=0 -> result=0 z=1 n=0 c=0 v=0
# -------- IAM in the SCOREBOARD and Finished Data checking --------
# -------- IAM in the SCOREBOARD and going to Wait for the transaction --------
# [SUBSCRIBER] t=6 | rst=0 | a=0 b=0 op=0 | result=0 z=1 n=0 c=0 v=0
# [6] [SUBSCRIBER] Waiting for transaction
# -------- IAM in the Driver and recieved the transaction --------
# -------- IAM in the Driver and going to drive --------
# -------- IAM in the Driver and finished driving --------
# -------- IAM in the Driver and going to Wait for the transaction --------
# -------- IAM in the MONITOR and going to monitor --------
# -------- IAM in the MONITOR and finished monitoring --------
# -------- IAM in the MONITOR and Sending the transaction to the SB and Subs --------
# -------- IAM in the MONITOR and Sent the transaction to the SB and Subs --------
# -------- IAM in the SCOREBOARD and recieved the transaction --------
# -------- IAM in the SCOREBOARD and going to check data --------
# @10 [SCOREBOARD PASS] op=0 a=3 b=2 -> result=5 z=0 n=0 c=0 v=0
# -------- IAM in the SCOREBOARD and Finished Data checking --------
# -------- IAM in the SCOREBOARD and going to Wait for the transaction --------
# [SUBSCRIBER] t=10 | rst=0 | a=3 b=2 op=0 | result=5 z=0 n=0 c=0 v=0
# [10] [SUBSCRIBER] Waiting for transaction
# -------- IAM in the Driver and recieved the transaction --------
# -------- IAM in the Driver and going to drive --------
# -------- IAM in the Driver and finished driving --------
# -------- IAM in the Driver and going to Wait for the transaction --------
# -------- IAM in the MONITOR and going to monitor --------
# -------- IAM in the MONITOR and finished monitoring --------
# -------- IAM in the MONITOR and Sending the transaction to the SB and Subs --------
# -------- IAM in the MONITOR and Sent the transaction to the SB and Subs --------
# -------- IAM in the SCOREBOARD and recieved the transaction --------
# -------- IAM in the SCOREBOARD and going to check data --------
# @14 [SCOREBOARD PASS] op=1 a=3 b=2 -> result=1 z=0 n=0 c=0 v=0
# -------- IAM in the SCOREBOARD and Finished Data checking --------
# -------- IAM in the SCOREBOARD and going to Wait for the transaction --------
# [SUBSCRIBER] t=14 | rst=0 | a=3 b=2 op=1 | result=1 z=0 n=0 c=0 v=0
# [14] [SUBSCRIBER] Waiting for transaction
# -------- IAM in the Driver and recieved the transaction --------
# -------- IAM in the Driver and going to drive --------
# -------- IAM in the Driver and finished driving --------
# -------- IAM in the Driver and going to Wait for the transaction --------
# -------- IAM in the MONITOR and going to monitor --------
# -------- IAM in the MONITOR and finished monitoring --------
# -------- IAM in the MONITOR and Sending the transaction to the SB and Subs --------
# -------- IAM in the MONITOR and Sent the transaction to the SB and Subs --------
# -------- IAM in the SCOREBOARD and recieved the transaction --------
# -------- IAM in the SCOREBOARD and going to check data --------
# @18 [SCOREBOARD PASS] op=2 a=3 b=2 -> result=2 z=0 n=0 c=0 v=0
# -------- IAM in the SCOREBOARD and Finished Data checking --------
# -------- IAM in the SCOREBOARD and going to Wait for the transaction --------
# [SUBSCRIBER] t=18 | rst=0 | a=3 b=2 op=2 | result=2 z=0 n=0 c=0 v=0
# [18] [SUBSCRIBER] Waiting for transaction
# -------- IAM in the Driver and recieved the transaction --------
# -------- IAM in the Driver and going to drive --------
# -------- IAM in the Driver and finished driving --------
# -------- IAM in the Driver and going to Wait for the transaction --------
# -------- IAM in the MONITOR and going to monitor --------
# -------- IAM in the MONITOR and finished monitoring --------
# -------- IAM in the MONITOR and Sending the transaction to the SB and Subs --------
# -------- IAM in the MONITOR and Sent the transaction to the SB and Subs --------
# -------- IAM in the SCOREBOARD and recieved the transaction --------
# -------- IAM in the SCOREBOARD and going to check data --------
# @22 [SCOREBOARD PASS] op=3 a=3 b=2 -> result=3 z=0 n=0 c=0 v=0
# -------- IAM in the SCOREBOARD and Finished Data checking --------
# -------- IAM in the SCOREBOARD and going to Wait for the transaction --------
# [SUBSCRIBER] t=22 | rst=0 | a=3 b=2 op=3 | result=3 z=0 n=0 c=0 v=0
# [22] [SUBSCRIBER] Waiting for transaction
# -------- IAM in the GENERATOR and Completed --------
# ** Note: $finish    : class_based_generator.svh(167)
#    Time: 22 ns  Iteration: 2  Region: /pack::class_based_env::run
#  SIM Finished successfully 
# ========================================
#        SCOREBOARD FINAL REPORT         
# ========================================
# Total Correct: 6
# Total Errors:  0
# Total Checks:  6
# STATUS: ALL TESTS PASSED!
# ========================================
# End time: 23:48:06 on Jul 15,2026, Elapsed time: 0:00:09
# Errors: 0, Warnings: 0
