QuestaSim-64 vlog 2021.1 Compiler 2021.01 Jan 19 2021
Start time: 23:24:06 on Aug 15,2026
vlog -work work -sv -mfcu -timescale 1ns/1ns "+define+UVM_NO_DEPRECATED" "+define+UVM_VERSION=1200" "+cover=bcesfx" -L /verilog_src/uvm-1.2 -f filelist_tb.f -l compile.log 
-- Compiling package fft_agent_pkg
-- Importing package mtiUvm.uvm_pkg (uvm-1.1d Built-in)
** Note: (vlog-2286) ../tb/agents/fft/fft_agent_pkg.sv(6): Using implicit +incdir+C:/questasim64_2021.1/uvm-1.1d/../verilog_src/uvm-1.1d/src from import uvm_pkg
-- Importing package Complex_pack
-- Compiling package fft_agent_pkg_sv_unit
-- Importing package Complex_pack
-- Compiling interface fft_interface
-- Compiling package fft_env_pkg
-- Importing package mtiUvm.uvm_pkg (uvm-1.1d Built-in)
-- Importing package fft_agent_pkg
-- Compiling package fft_test_pkg
-- Importing package fft_env_pkg
-- Compiling module top
-- Importing package fft_test_pkg

Top level modules:
	top
End time: 23:24:06 on Aug 15,2026, Elapsed time: 0:00:00
Errors: 0, Warnings: 0
